[
	{
		"ID": "00000000-0000-0000-0000-000000000000",
		"CreatedAt": "0001-01-01T00:00:00Z",
		"UpdatedAt": "0001-01-01T00:00:00Z",
		"DeletedAt": null,
		"Day": 1,
		"Hour": 18,
		"EventKind": "START",
		"ServerDefinitionID": "00000000-0000-0000-0000-000000000000"
	},
	{
		"ID": "00000000-0000-0000-0000-000000000000",
		"CreatedAt": "0001-01-01T00:00:00Z",
		"UpdatedAt": "0001-01-01T00:00:00Z",
		"DeletedAt": null,
		"Day": 2,
		"Hour": 21,
		"EventKind": "STOP",
		"ServerDefinitionID": "00000000-0000-0000-0000-000000000000"
	},
	{
		"ID": "00000000-0000-0000-0000-000000000000",
		"CreatedAt": "0001-01-01T00:00:00Z",
		"UpdatedAt": "0001-01-01T00:00:00Z",
		"DeletedAt": null,
		"Day": 2,
		"Hour": 18,
		"EventKind": "START",
		"ServerDefinitionID": "00000000-0000-0000-0000-000000000000"
	},
	{
		"ID": "00000000-0000-0000-0000-000000000000",
		"CreatedAt": "0001-01-01T00:00:00Z",
		"UpdatedAt": "0001-01-01T00:00:00Z",
		"DeletedAt": null,
		"Day": 3,
		"Hour": 21,
		"EventKind": "STOP",
		"ServerDefinitionID": "00000000-0000-0000-0000-000000000000"
	},
	{
		"ID": "00000000-0000-0000-0000-000000000000",
		"CreatedAt": "0001-01-01T00:00:00Z",
		"UpdatedAt": "0001-01-01T00:00:00Z",
		"DeletedAt": null,
		"Day": 3,
		"Hour": 18,
		"EventKind": "START",
		"ServerDefinitionID": "00000000-0000-0000-0000-000000000000"
	},
	{
		"ID": "00000000-0000-0000-0000-000000000000",
		"CreatedAt": "0001-01-01T00:00:00Z",
		"UpdatedAt": "0001-01-01T00:00:00Z",
		"DeletedAt": null,
		"Day": 4,
		"Hour": 21,
		"EventKind": "STOP",
		"ServerDefinitionID": "00000000-0000-0000-0000-000000000000"
	},
	{
		"ID": "00000000-0000-0000-0000-000000000000",
		"CreatedAt": "0001-01-01T00:00:00Z",
		"UpdatedAt": "0001-01-01T00:00:00Z",
		"DeletedAt": null,
		"Day": 4,
		"Hour": 18,
		"EventKind": "START",
		"ServerDefinitionID": "00000000-0000-0000-0000-000000000000"
	},
	{
		"ID": "00000000-0000-0000-0000-000000000000",
		"CreatedAt": "0001-01-01T00:00:00Z",
		"UpdatedAt": "0001-01-01T00:00:00Z",
		"DeletedAt": null,
		"Day": 5,
		"Hour": 21,
		"EventKind": "STOP",
		"ServerDefinitionID": "00000000-0000-0000-0000-000000000000"
	},
	{
		"ID": "00000000-0000-0000-0000-000000000000",
		"CreatedAt": "0001-01-01T00:00:00Z",
		"UpdatedAt": "0001-01-01T00:00:00Z",
		"DeletedAt": null,
		"Day": 5,
		"Hour": 18,
		"EventKind": "START",
		"ServerDefinitionID": "00000000-0000-0000-0000-000000000000"
	},
	{
		"ID": "00000000-0000-0000-0000-000000000000",
		"CreatedAt": "0001-01-01T00:00:00Z",
		"UpdatedAt": "0001-01-01T00:00:00Z",
		"DeletedAt": null,
		"Day": 6,
		"Hour": 21,
		"EventKind": "STOP",
		"ServerDefinitionID": "00000000-0000-0000-0000-000000000000"
	},
	{
		"ID": "00000000-0000-0000-0000-000000000000",
		"CreatedAt": "0001-01-01T00:00:00Z",
		"UpdatedAt": "0001-01-01T00:00:00Z",
		"DeletedAt": null,
		"Day": 6,
		"Hour": 18,
		"EventKind": "START",
		"ServerDefinitionID": "00000000-0000-0000-0000-000000000000"
	},
	{
		"ID": "00000000-0000-0000-0000-000000000000",
		"CreatedAt": "0001-01-01T00:00:00Z",
		"UpdatedAt": "0001-01-01T00:00:00Z",
		"DeletedAt": null,
		"Day": 7,
		"Hour": 21,
		"EventKind": "STOP",
		"ServerDefinitionID": "00000000-0000-0000-0000-000000000000"
	},
	{
		"ID": "00000000-0000-0000-0000-000000000000",
		"CreatedAt": "0001-01-01T00:00:00Z",
		"UpdatedAt": "0001-01-01T00:00:00Z",
		"DeletedAt": null,
		"Day": 7,
		"Hour": 18,
		"EventKind": "START",
		"ServerDefinitionID": "00000000-0000-0000-0000-000000000000"
	},
	{
		"ID": "00000000-0000-0000-0000-000000000000",
		"CreatedAt": "0001-01-01T00:00:00Z",
		"UpdatedAt": "0001-01-01T00:00:00Z",
		"DeletedAt": null,
		"Day": 1,
		"Hour": 21,
		"EventKind": "STOP",
		"ServerDefinitionID": "00000000-0000-0000-0000-000000000000"
	},
	{
		"ID": "00000000-0000-0000-0000-000000000000",
		"CreatedAt": "0001-01-01T00:00:00Z",
		"UpdatedAt": "0001-01-01T00:00:00Z",
		"DeletedAt": null,
		"Day": 1,
		"Hour": 18,
		"EventKind": "START",
		"ServerDefinitionID": "00000000-0000-0000-0000-000000000000"
	},
	{
		"ID": "00000000-0000-0000-0000-000000000000",
		"CreatedAt": "0001-01-01T00:00:00Z",
		"UpdatedAt": "0001-01-01T00:00:00Z",
		"DeletedAt": null,
		"Day": 2,
		"Hour": 21,
		"EventKind": "STOP",
		"ServerDefinitionID": "00000000-0000-0000-0000-000000000000"
	},
	{
		"ID": "00000000-0000-0000-0000-000000000000",
		"CreatedAt": "0001-01-01T00:00:00Z",
		"UpdatedAt": "0001-01-01T00:00:00Z",
		"DeletedAt": null,
		"Day": 2,
		"Hour": 18,
		"EventKind": "START",
		"ServerDefinitionID": "00000000-0000-0000-0000-000000000000"
	},
	{
		"ID": "00000000-0000-0000-0000-000000000000",
		"CreatedAt": "0001-01-01T00:00:00Z",
		"UpdatedAt": "0001-01-01T00:00:00Z",
		"DeletedAt": null,
		"Day": 3,
		"Hour": 21,
		"EventKind": "STOP",
		"ServerDefinitionID": "00000000-0000-0000-0000-000000000000"
	},
	{
		"ID": "00000000-0000-0000-0000-000000000000",
		"CreatedAt": "0001-01-01T00:00:00Z",
		"UpdatedAt": "0001-01-01T00:00:00Z",
		"DeletedAt": null,
		"Day": 3,
		"Hour": 18,
		"EventKind": "START",
		"ServerDefinitionID": "00000000-0000-0000-0000-000000000000"
	},
	{
		"ID": "00000000-0000-0000-0000-000000000000",
		"CreatedAt": "0001-01-01T00:00:00Z",
		"UpdatedAt": "0001-01-01T00:00:00Z",
		"DeletedAt": null,
		"Day": 4,
		"Hour": 21,
		"EventKind": "STOP",
		"ServerDefinitionID": "00000000-0000-0000-0000-000000000000"
	},
	{
		"ID": "00000000-0000-0000-0000-000000000000",
		"CreatedAt": "0001-01-01T00:00:00Z",
		"UpdatedAt": "0001-01-01T00:00:00Z",
		"DeletedAt": null,
		"Day": 4,
		"Hour": 18,
		"EventKind": "START",
		"ServerDefinitionID": "00000000-0000-0000-0000-000000000000"
	},
	{
		"ID": "00000000-0000-0000-0000-000000000000",
		"CreatedAt": "0001-01-01T00:00:00Z",
		"UpdatedAt": "0001-01-01T00:00:00Z",
		"DeletedAt": null,
		"Day": 5,
		"Hour": 21,
		"EventKind": "STOP",
		"ServerDefinitionID": "00000000-0000-0000-0000-000000000000"
	},
	{
		"ID": "00000000-0000-0000-0000-000000000000",
		"CreatedAt": "0001-01-01T00:00:00Z",
		"UpdatedAt": "0001-01-01T00:00:00Z",
		"DeletedAt": null,
		"Day": 5,
		"Hour": 18,
		"EventKind": "START",
		"ServerDefinitionID": "00000000-0000-0000-0000-000000000000"
	},
	{
		"ID": "00000000-0000-0000-0000-000000000000",
		"CreatedAt": "0001-01-01T00:00:00Z",
		"UpdatedAt": "0001-01-01T00:00:00Z",
		"DeletedAt": null,
		"Day": 6,
		"Hour": 21,
		"EventKind": "STOP",
		"ServerDefinitionID": "00000000-0000-0000-0000-000000000000"
	},
	{
		"ID": "00000000-0000-0000-0000-000000000000",
		"CreatedAt": "0001-01-01T00:00:00Z",
		"UpdatedAt": "0001-01-01T00:00:00Z",
		"DeletedAt": null,
		"Day": 6,
		"Hour": 18,
		"EventKind": "START",
		"ServerDefinitionID": "00000000-0000-0000-0000-000000000000"
	},
	{
		"ID": "00000000-0000-0000-0000-000000000000",
		"CreatedAt": "0001-01-01T00:00:00Z",
		"UpdatedAt": "0001-01-01T00:00:00Z",
		"DeletedAt": null,
		"Day": 7,
		"Hour": 21,
		"EventKind": "STOP",
		"ServerDefinitionID": "00000000-0000-0000-0000-000000000000"
	},
	{
		"ID": "00000000-0000-0000-0000-000000000000",
		"CreatedAt": "0001-01-01T00:00:00Z",
		"UpdatedAt": "0001-01-01T00:00:00Z",
		"DeletedAt": null,
		"Day": 7,
		"Hour": 18,
		"EventKind": "START",
		"ServerDefinitionID": "00000000-0000-0000-0000-000000000000"
	},
	{
		"ID": "00000000-0000-0000-0000-000000000000",
		"CreatedAt": "0001-01-01T00:00:00Z",
		"UpdatedAt": "0001-01-01T00:00:00Z",
		"DeletedAt": null,
		"Day": 1,
		"Hour": 21,
		"EventKind": "STOP",
		"ServerDefinitionID": "00000000-0000-0000-0000-000000000000"
	}
]